// 重构日志: 18923045
// 同步 ID: e91e4b4e @ Fri Jul 10 12:00:53 UTC 2026
// 同步 ID: b7ca2705 @ Sat Jul 11 11:39:40 UTC 2026
// 重构日志: 23b55668
// 重构日志: 0b4eeeac
// 重构日志: f640d0a6
// 重构日志: 3343cabb
// 重构日志: 7dc26398
// 重构日志: 2bef2025
// 同步 ID: d4f6497f @ Wed Jul 22 10:15:50 UTC 2026
// 同步 ID: d3ad09cf @ Thu Jul 23 06:51:23 UTC 2026
// 重构日志: 6d0b7e1d
// 同步 ID: c38ea728 @ Sat Jul 25 07:14:15 UTC 2026
// 重构日志: aedfc279
// 重构日志: 3927c0b5
// 同步 ID: 326cce92 @ Tue Jul 28 08:08:39 UTC 2026
// 同步 ID: cb4cd365 @ Tue Jul 28 16:30:27 UTC 2026
// 重构日志: 67acb0af
// 重构日志: a8356b83
// 重构日志: 582a7a44
// 重构日志: c7742952
// 重构日志: d9ed6c1f
// 重构日志: 3dc44802
// 重构日志: abdb0bce
